// Vitest Snapshot v1, https://vitest.dev/guide/snapshot.html

exports[`Configuration Parser > should parse a valid configuration 1`] = `
{
  "attemptSilentLogin": false,
  "authRequired": true,
  "authorizationParams": {
    "response_type": "code",
    "scope": "openid profile email",
  },
  "baseURL": "https://app.example.com",
  "clientAuthMethod": "client_secret_basic",
  "clientID": "test-client-id",
  "clientSecret": "test",
  "clockTolerance": 60,
  "customRoutes": [],
  "debug": [Function],
  "discoveryCacheMaxAge": 600000,
  "domain": "auth.example.com",
  "enableTelemetry": true,
  "errorOnRequiredAuth": false,
  "excludedClaims": [
    "aud",
    "iss",
    "iat",
    "exp",
    "nbf",
    "nonce",
    "azp",
    "auth_time",
    "s_hash",
    "at_hash",
    "c_hash",
  ],
  "fetch": [Function],
  "forwardAuthorizationParams": [],
  "httpTimeout": 5000,
  "httpUserAgent": "hono-openid-connect",
  "idTokenSigningAlg": "RS256",
  "idpLogout": false,
  "mountRoutes": true,
  "pushedAuthorizationRequests": false,
  "routes": {
    "backchannelLogout": "/auth/backchannel-logout",
    "callback": "/auth/callback",
    "login": "/auth/login",
    "logout": "/auth/logout",
  },
  "session": {
    "absoluteDuration": 259200,
    "cookie": {
      "name": "appSession",
      "sameSite": "lax",
      "secure": true,
    },
    "inactivityDuration": 86400,
    "rolling": true,
    "secret": "test encryption key fdsgfds gfds ",
  },
}
`;
